// Jest Snapshot v1, https://goo.gl/fbAQLP

exports[`AltButton component renders UI as expected 1`] = `
<div>
  <a
    href="/teams"
    onClick={[Function]}
  >
    <p
      className="altbutton-text"
    >
      Pick List
    </p>
  </a>
</div>
`;
